Running simulation with timestep: 1.0000000000
Creating fcc lattice with 256 atoms
Initializing fcc lattice
Step: 0 Time: 0.000 Potential: 27.1201887998 Kinetic: 560259.4571372586 Total: 560286.5773260584
Step: 1 Time: 1.000 Potential: 80.5683915398 Kinetic: 2532745.7573250448 Total: 2532826.3257165845
Step: 2 Time: 2.000 Potential: 44.2474952791 Kinetic: 4248663.4040590264 Total: 4248707.6515543051
Step: 3 Time: 3.000 Potential: 52.4650588699 Kinetic: 6285085.0480806269 Total: 6285137.5131394966
Step: 4 Time: 4.000 Potential: 22.5880466068 Kinetic: 8838221.6112230383 Total: 8838244.1992696449
Step: 5 Time: 5.000 Potential: 46.5906269047 Kinetic: 10801242.8001144342 Total: 10801289.3907413390
Step: 6 Time: 6.000 Potential: 50.2833287095 Kinetic: 12386623.4480260164 Total: 12386673.7313547265
Step: 7 Time: 7.000 Potential: 106.8696562347 Kinetic: 14147595.2353109103 Total: 14147702.1049671452
Step: 8 Time: 8.000 Potential: 70.2903440945 Kinetic: 15413450.4173528254 Total: 15413520.7076969203
Step: 9 Time: 9.000 Potential: 81.3194680986 Kinetic: 16944018.2344500013 Total: 16944099.5539181009
Step: 10 Time: 10.000 Potential: 35.5827414584 Kinetic: 18511867.3981475271 Total: 18511902.9808889851
Step: 11 Time: 11.000 Potential: 38.9631343488 Kinetic: 20496759.0305507705 Total: 20496797.9936851189
Step: 12 Time: 12.000 Potential: 77.1125753201 Kinetic: 22130756.6581943519 Total: 22130833.7707696706
Step: 13 Time: 13.000 Potential: 104.7159431886 Kinetic: 23875813.6128738485 Total: 23875918.3288170360
Step: 14 Time: 14.000 Potential: 65.7289581366 Kinetic: 25848474.8332390301 Total: 25848540.5621971674
Step: 15 Time: 15.000 Potential: 45.3577133555 Kinetic: 28051638.6022112295 Total: 28051683.9599245861
Step: 16 Time: 16.000 Potential: 74.6857367080 Kinetic: 29666146.2718600705 Total: 29666220.9575967789
Step: 17 Time: 17.000 Potential: 41.3925423519 Kinetic: 31037171.8717982657 Total: 31037213.2643406168
Step: 18 Time: 18.000 Potential: 72.6315494184 Kinetic: 33420278.2809857838 Total: 33420350.9125352018
Step: 19 Time: 19.000 Potential: 114.8847017476 Kinetic: 35572899.3635004163 Total: 35573014.2482021675
Step: 20 Time: 20.000 Potential: 56.6987667047 Kinetic: 37783449.8731828034 Total: 37783506.5719495118
Step: 21 Time: 21.000 Potential: 100.9823465556 Kinetic: 39617014.3708826676 Total: 39617115.3532292247
Step: 22 Time: 22.000 Potential: 97.2971169871 Kinetic: 40198796.6850830615 Total: 40198893.9822000489
Step: 23 Time: 23.000 Potential: 40.5918721473 Kinetic: 41086029.1731330678 Total: 41086069.7650052160
Step: 24 Time: 24.000 Potential: 108.9081457773 Kinetic: 42936110.7806960717 Total: 42936219.6888418496
Step: 25 Time: 25.000 Potential: 52.3581681274 Kinetic: 44745635.2314128056 Total: 44745687.5895809308
Step: 26 Time: 26.000 Potential: 86.9202765757 Kinetic: 47069801.4217819944 Total: 47069888.3420585692
Step: 27 Time: 27.000 Potential: 55.3639589008 Kinetic: 49337932.0284910202 Total: 49337987.3924499229
Step: 28 Time: 28.000 Potential: 92.5845968592 Kinetic: 50975621.6308075786 Total: 50975714.2154044360
Step: 29 Time: 29.000 Potential: 41.2226420293 Kinetic: 52783661.3903697133 Total: 52783702.6130117401
Step: 30 Time: 30.000 Potential: 75.8890714358 Kinetic: 55099756.0075360462 Total: 55099831.8966074809
Step: 31 Time: 31.000 Potential: 62.3350836012 Kinetic: 56628125.5684429482 Total: 56628187.9035265520
Step: 32 Time: 32.000 Potential: 66.9215415144 Kinetic: 57462805.4219480529 Total: 57462872.3434895650
Step: 33 Time: 33.000 Potential: 90.5026067465 Kinetic: 58586367.6546376050 Total: 58586458.1572443545
Step: 34 Time: 34.000 Potential: 71.0378624896 Kinetic: 60219054.4583893716 Total: 60219125.4962518588
Step: 35 Time: 35.000 Potential: 61.4573115679 Kinetic: 62064983.9149046540 Total: 62065045.3722162247
Step: 36 Time: 36.000 Potential: 41.9057576634 Kinetic: 63901645.8566328883 Total: 63901687.7623905540
Step: 37 Time: 37.000 Potential: 12.3672885418 Kinetic: 65176476.6082369685 Total: 65176488.9755255133
Step: 38 Time: 38.000 Potential: 87.5939324169 Kinetic: 66760937.8170062676 Total: 66761025.4109386876
Step: 39 Time: 39.000 Potential: 67.5649365539 Kinetic: 67692866.5448310375 Total: 67692934.1097675860
Step: 40 Time: 40.000 Potential: 90.1915761675 Kinetic: 68986091.6939501315 Total: 68986181.8855262995
Step: 41 Time: 41.000 Potential: 64.2843209948 Kinetic: 72218431.4809806794 Total: 72218495.7653016746
Step: 42 Time: 42.000 Potential: 78.8997758958 Kinetic: 74590919.0607915372 Total: 74590997.9605674297
Step: 43 Time: 43.000 Potential: 68.5191035354 Kinetic: 75809220.1509110779 Total: 75809288.6700146198
Step: 44 Time: 44.000 Potential: 68.4899548182 Kinetic: 76933692.8281265050 Total: 76933761.3180813193
Step: 45 Time: 45.000 Potential: 83.6066831792 Kinetic: 78189726.1390819401 Total: 78189809.7457651198
Step: 46 Time: 46.000 Potential: 39.6767282185 Kinetic: 80464776.4246768206 Total: 80464816.1014050394
Step: 47 Time: 47.000 Potential: 85.9028007465 Kinetic: 83037454.6131052226 Total: 83037540.5159059763
Step: 48 Time: 48.000 Potential: 43.9413637501 Kinetic: 84845654.7349346578 Total: 84845698.6762984097
Step: 49 Time: 49.000 Potential: 104.3929750107 Kinetic: 86865410.3813753873 Total: 86865514.7743504047
Step: 50 Time: 50.000 Potential: 75.2970945061 Kinetic: 88562978.2114248127 Total: 88563053.5085193217
Step: 51 Time: 51.000 Potential: 20.4770123420 Kinetic: 89751679.0718072951 Total: 89751699.5488196313
Step: 52 Time: 52.000 Potential: 53.8092354808 Kinetic: 91114321.3795828074 Total: 91114375.1888182908
Step: 53 Time: 53.000 Potential: 62.5015311072 Kinetic: 91884121.4823776782 Total: 91884183.9839087874
Step: 54 Time: 54.000 Potential: 91.7511218927 Kinetic: 92503955.5613619387 Total: 92504047.3124838322
Step: 55 Time: 55.000 Potential: 85.9309134630 Kinetic: 95128476.2064739317 Total: 95128562.1373873949
Step: 56 Time: 56.000 Potential: 45.2290292813 Kinetic: 98635375.1108159423 Total: 98635420.3398452252
Step: 57 Time: 57.000 Potential: 78.3947847836 Kinetic: 100398128.9210903347 Total: 100398207.3158751130
Step: 58 Time: 58.000 Potential: 59.5848287492 Kinetic: 103375386.9607007056 Total: 103375446.5455294549
Step: 59 Time: 59.000 Potential: 77.5124252866 Kinetic: 105802307.1760412902 Total: 105802384.6884665787
Step: 60 Time: 60.000 Potential: 62.8869893015 Kinetic: 107460866.3544079512 Total: 107460929.2413972467
Step: 61 Time: 61.000 Potential: 58.2466861015 Kinetic: 109950034.5770101696 Total: 109950092.8236962706
Step: 62 Time: 62.000 Potential: 64.9061364271 Kinetic: 112243252.0837905705 Total: 112243316.9899269938
Step: 63 Time: 63.000 Potential: 83.3215057340 Kinetic: 114385404.2128834724 Total: 114385487.5343892127
Step: 64 Time: 64.000 Potential: 94.6556189990 Kinetic: 115736183.6073617041 Total: 115736278.2629806995
Step: 65 Time: 65.000 Potential: 57.2590746070 Kinetic: 117388806.8465483934 Total: 117388864.1056230068
Step: 66 Time: 66.000 Potential: 48.3530153678 Kinetic: 119220120.9037025720 Total: 119220169.2567179352
Step: 67 Time: 67.000 Potential: 46.2181316900 Kinetic: 121861010.1388664395 Total: 121861056.3569981307
Step: 68 Time: 68.000 Potential: 81.9115278113 Kinetic: 126347747.7931577861 Total: 126347829.7046855986
Step: 69 Time: 69.000 Potential: 59.3567754995 Kinetic: 128088295.7142730504 Total: 128088355.0710485429
Step: 70 Time: 70.000 Potential: 52.1647523559 Kinetic: 128137114.3565046340 Total: 128137166.5212569833
Step: 71 Time: 71.000 Potential: 121.7627159714 Kinetic: 129855961.4235954583 Total: 129856083.1863114238
Step: 72 Time: 72.000 Potential: 58.0636654923 Kinetic: 132008389.0881958306 Total: 132008447.1518613249
Step: 73 Time: 73.000 Potential: 84.6257694730 Kinetic: 132980510.3802194446 Total: 132980595.0059889108
Step: 74 Time: 74.000 Potential: 67.4932385107 Kinetic: 134089603.7212303281 Total: 134089671.2144688368
Step: 75 Time: 75.000 Potential: 89.7643084189 Kinetic: 136062175.7364299297 Total: 136062265.5007383525
Step: 76 Time: 76.000 Potential: 64.1030994402 Kinetic: 137016814.0221673846 Total: 137016878.1252668202
Step: 77 Time: 77.000 Potential: 36.1182240627 Kinetic: 138113772.7700762451 Total: 138113808.8883002996
Step: 78 Time: 78.000 Potential: 28.8521420075 Kinetic: 140875194.3093280792 Total: 140875223.1614700854
Step: 79 Time: 79.000 Potential: 86.4219071378 Kinetic: 143818648.2959029078 Total: 143818734.7178100348
Step: 80 Time: 80.000 Potential: 39.7621500403 Kinetic: 146094240.5990128219 Total: 146094280.3611628711
Step: 81 Time: 81.000 Potential: 105.6314090726 Kinetic: 148790999.4961821139 Total: 148791105.1275911927
Step: 82 Time: 82.000 Potential: 26.0395223013 Kinetic: 151048490.9403252006 Total: 151048516.9798474908
Step: 83 Time: 83.000 Potential: 55.5003815392 Kinetic: 153752465.8059541881 Total: 153752521.3063357174
Step: 84 Time: 84.000 Potential: 83.6390800249 Kinetic: 156685893.6570038795 Total: 156685977.2960838974
Step: 85 Time: 85.000 Potential: 80.4338738503 Kinetic: 158938709.6236938238 Total: 158938790.0575676858
Step: 86 Time: 86.000 Potential: 88.9412981842 Kinetic: 161527189.3814281523 Total: 161527278.3227263391
Step: 87 Time: 87.000 Potential: 80.3467663859 Kinetic: 164077697.5861560106 Total: 164077777.9329223931
Step: 88 Time: 88.000 Potential: 73.6304709964 Kinetic: 166020985.8778368533 Total: 166021059.5083078444
Step: 89 Time: 89.000 Potential: 52.7657748973 Kinetic: 167871768.9464511871 Total: 167871821.7122260928
Step: 90 Time: 90.000 Potential: 78.1884291621 Kinetic: 169442609.2681499124 Total: 169442687.4565790892
Step: 91 Time: 91.000 Potential: 46.3790403486 Kinetic: 170667687.2129518986 Total: 170667733.5919922590
Step: 92 Time: 92.000 Potential: 50.8811808614 Kinetic: 172143142.0119002163 Total: 172143192.8930810690
Step: 93 Time: 93.000 Potential: 63.3894597534 Kinetic: 172811477.3984047472 Total: 172811540.7878645062
Step: 94 Time: 94.000 Potential: 81.8824287404 Kinetic: 173390693.2815875709 Total: 173390775.1640163064
Step: 95 Time: 95.000 Potential: 27.1038073401 Kinetic: 174975723.2561461031 Total: 174975750.3599534333
Step: 96 Time: 96.000 Potential: 30.0157666304 Kinetic: 176904378.7189185619 Total: 176904408.7346851826
Step: 97 Time: 97.000 Potential: 41.9322509061 Kinetic: 178240353.0148136616 Total: 178240394.9470645785
Step: 98 Time: 98.000 Potential: 69.9278776994 Kinetic: 180114386.8194951117 Total: 180114456.7473728061
Step: 99 Time: 99.000 Potential: 31.0759715137 Kinetic: 181347534.6693067849 Total: 181347565.7452782989
Average temperature: 2722976371.42 K
Running simulation with timestep: 0.1000000000
Creating fcc lattice with 256 atoms
Initializing fcc lattice
Step: 0 Time: 0.000 Potential: 32.6843613293 Kinetic: 4569.5241020129 Total: 4602.2084633422
Step: 10 Time: 1.000 Potential: 34.8797328751 Kinetic: 174137.9098423796 Total: 174172.7895752547
Step: 20 Time: 2.000 Potential: 44.8458364878 Kinetic: 334033.5560261912 Total: 334078.4018626790
Step: 30 Time: 3.000 Potential: 55.0289222464 Kinetic: 482326.4326730428 Total: 482381.4615952892
Step: 40 Time: 4.000 Potential: 60.1920705278 Kinetic: 698086.9317269194 Total: 698147.1237974472
Step: 50 Time: 5.000 Potential: 108.0804515029 Kinetic: 897460.0576096667 Total: 897568.1380611695
Step: 60 Time: 6.000 Potential: 53.0933784100 Kinetic: 1101814.1009744843 Total: 1101867.1943528943
Step: 70 Time: 7.000 Potential: 33.9863260065 Kinetic: 1286888.3701367448 Total: 1286922.3564627513
Step: 80 Time: 8.000 Potential: 67.6593476163 Kinetic: 1455901.7728304395 Total: 1455969.4321780559
Step: 90 Time: 9.000 Potential: 54.5678326970 Kinetic: 1619374.6035640766 Total: 1619429.1713967735
Step: 100 Time: 10.000 Potential: 101.8063698353 Kinetic: 1801997.9512814477 Total: 1802099.7576512829
Step: 110 Time: 11.000 Potential: 46.9191717353 Kinetic: 1917093.4265210771 Total: 1917140.3456928125
Step: 120 Time: 12.000 Potential: 57.0334780270 Kinetic: 2079355.0997374135 Total: 2079412.1332154404
Step: 130 Time: 13.000 Potential: 22.8312797302 Kinetic: 2282160.1441891878 Total: 2282182.9754689182
Step: 140 Time: 14.000 Potential: 91.0873137185 Kinetic: 2521150.2564494521 Total: 2521241.3437631708
Step: 150 Time: 15.000 Potential: 43.6854383342 Kinetic: 2699381.6286351122 Total: 2699425.3140734462
Step: 160 Time: 16.000 Potential: 50.3163454250 Kinetic: 2906842.1547449026 Total: 2906892.4710903275
Step: 170 Time: 17.000 Potential: 50.0316984022 Kinetic: 3101377.6805303362 Total: 3101427.7122287382
Step: 180 Time: 18.000 Potential: 75.1662200184 Kinetic: 3239808.9499342311 Total: 3239884.1161542493
Step: 190 Time: 19.000 Potential: 79.6802214514 Kinetic: 3427664.7927157264 Total: 3427744.4729371779
Step: 200 Time: 20.000 Potential: 31.1697308501 Kinetic: 3540456.7716334620 Total: 3540487.9413643121
Step: 210 Time: 21.000 Potential: 73.3352105930 Kinetic: 3705335.2434600717 Total: 3705408.5786706647
Step: 220 Time: 22.000 Potential: 59.4967473680 Kinetic: 3878047.5775145041 Total: 3878107.0742618721
Step: 230 Time: 23.000 Potential: 23.2333477358 Kinetic: 4128483.1571452618 Total: 4128506.3904929976
Step: 240 Time: 24.000 Potential: 36.1379079984 Kinetic: 4242741.9689500816 Total: 4242778.1068580803
Step: 250 Time: 25.000 Potential: 116.9055860154 Kinetic: 4373294.9026226932 Total: 4373411.8082087087
Step: 260 Time: 26.000 Potential: 76.7536859420 Kinetic: 4498433.9413012611 Total: 4498510.6949872030
Step: 270 Time: 27.000 Potential: 64.3196344911 Kinetic: 4701855.9375932515 Total: 4701920.2572277421
Step: 280 Time: 28.000 Potential: 83.1374758144 Kinetic: 4774834.4334934838 Total: 4774917.5709692985
Step: 290 Time: 29.000 Potential: 81.2511910482 Kinetic: 4886980.5139181791 Total: 4887061.7651092270
Step: 300 Time: 30.000 Potential: 98.5274772271 Kinetic: 5230800.9283701750 Total: 5230899.4558474021
Step: 310 Time: 31.000 Potential: 75.1050096094 Kinetic: 5451491.6608405886 Total: 5451566.7658501985
Step: 320 Time: 32.000 Potential: 49.8565032001 Kinetic: 5561658.5055767363 Total: 5561708.3620799361
Step: 330 Time: 33.000 Potential: 79.9556376485 Kinetic: 5646020.9252460487 Total: 5646100.8808836974
Step: 340 Time: 34.000 Potential: 50.6901267042 Kinetic: 5909309.4158176761 Total: 5909360.1059443802
Step: 350 Time: 35.000 Potential: 45.8974006921 Kinetic: 6121463.7732697558 Total: 6121509.6706704479
Step: 360 Time: 36.000 Potential: 31.3507714455 Kinetic: 6330028.2927203504 Total: 6330059.6434917962
Step: 370 Time: 37.000 Potential: 35.5927267142 Kinetic: 6468749.4825647958 Total: 6468785.0752915097
Step: 380 Time: 38.000 Potential: 51.4125188827 Kinetic: 6759449.2168919882 Total: 6759500.6294108713
Step: 390 Time: 39.000 Potential: 68.1051788855 Kinetic: 6949608.6463645073 Total: 6949676.7515433924
Step: 400 Time: 40.000 Potential: 77.6103707888 Kinetic: 7272347.1567516513 Total: 7272424.7671224400
Step: 410 Time: 41.000 Potential: 88.2665831934 Kinetic: 7349487.6867012624 Total: 7349575.9532844555
Step: 420 Time: 42.000 Potential: 62.6297784182 Kinetic: 7654668.5757815912 Total: 7654731.2055600090
Step: 430 Time: 43.000 Potential: 68.9828235386 Kinetic: 7832750.1105534267 Total: 7832819.0933769653
Step: 440 Time: 44.000 Potential: 74.2854873892 Kinetic: 8072881.8427545531 Total: 8072956.1282419423
Step: 450 Time: 45.000 Potential: 37.6925382248 Kinetic: 8411860.7982694004 Total: 8411898.4908076245
Step: 460 Time: 46.000 Potential: 47.2673807544 Kinetic: 8707788.5644462463 Total: 8707835.8318269998
Step: 470 Time: 47.000 Potential: 74.1835386652 Kinetic: 8919936.5648522824 Total: 8920010.7483909484
Step: 480 Time: 48.000 Potential: 56.8504956104 Kinetic: 9178399.9976505786 Total: 9178456.8481461890
Step: 490 Time: 49.000 Potential: 40.5976501336 Kinetic: 9165834.5112239290 Total: 9165875.1088740621
Step: 500 Time: 50.000 Potential: 59.6597302606 Kinetic: 9384753.1343725193 Total: 9384812.7941027805
Step: 510 Time: 51.000 Potential: 84.7455313159 Kinetic: 9643766.5620625224 Total: 9643851.3075938392
Step: 520 Time: 52.000 Potential: 31.3165673556 Kinetic: 9871233.6811889540 Total: 9871264.9977563098
Step: 530 Time: 53.000 Potential: 87.6886469990 Kinetic: 9937223.2256081253 Total: 9937310.9142551236
Step: 540 Time: 54.000 Potential: 73.2876341237 Kinetic: 10171319.8596602958 Total: 10171393.1472944189
Step: 550 Time: 55.000 Potential: 120.4029095501 Kinetic: 10423451.0926293898 Total: 10423571.4955389407
Step: 560 Time: 56.000 Potential: 63.9356679549 Kinetic: 10532583.3666946199 Total: 10532647.3023625743
Step: 570 Time: 57.000 Potential: 47.7708028402 Kinetic: 10673446.6834196150 Total: 10673494.4542224556
Step: 580 Time: 58.000 Potential: 68.1777942207 Kinetic: 10772355.0996385012 Total: 10772423.2774327211
Step: 590 Time: 59.000 Potential: 63.0117993688 Kinetic: 10977721.9931898005 Total: 10977785.0049891695
Step: 600 Time: 60.000 Potential: 62.3919078289 Kinetic: 11092032.4053370170 Total: 11092094.7972448468
Step: 610 Time: 61.000 Potential: 65.3368137239 Kinetic: 11368399.9406470973 Total: 11368465.2774608210
Step: 620 Time: 62.000 Potential: 20.4283824940 Kinetic: 11672306.1526236292 Total: 11672326.5810061228
Step: 630 Time: 63.000 Potential: 93.6687384936 Kinetic: 11931106.0312829707 Total: 11931199.7000214644
Step: 640 Time: 64.000 Potential: 77.6035649542 Kinetic: 12218262.5352033563 Total: 12218340.1387683097
Step: 650 Time: 65.000 Potential: 51.9358032652 Kinetic: 12413991.6681120787 Total: 12414043.6039153431
Step: 660 Time: 66.000 Potential: 53.3086530262 Kinetic: 12613196.1101360936 Total: 12613249.4187891204
Step: 670 Time: 67.000 Potential: 65.9016843472 Kinetic: 12613522.5617737267 Total: 12613588.4634580743
Step: 680 Time: 68.000 Potential: 60.9750701714 Kinetic: 12782657.5071265865 Total: 12782718.4821967576
Step: 690 Time: 69.000 Potential: 96.3633805923 Kinetic: 12818723.3620850109 Total: 12818819.7254656032
Step: 700 Time: 70.000 Potential: 42.0472221030 Kinetic: 13198385.5484141149 Total: 13198427.5956362169
Step: 710 Time: 71.000 Potential: 94.1892596167 Kinetic: 13359315.6063922029 Total: 13359409.7956518196
Step: 720 Time: 72.000 Potential: 72.2424606631 Kinetic: 13356181.7956938352 Total: 13356254.0381544977
Step: 730 Time: 73.000 Potential: 66.9597619009 Kinetic: 13576398.2806821894 Total: 13576465.2404440902
Step: 740 Time: 74.000 Potential: 45.0849263850 Kinetic: 13824277.2525684647 Total: 13824322.3374948502
Step: 750 Time: 75.000 Potential: 39.4526761398 Kinetic: 13830748.4967639390 Total: 13830787.9494400788
Step: 760 Time: 76.000 Potential: 43.0090287221 Kinetic: 14048604.0359064303 Total: 14048647.0449351519
Step: 770 Time: 77.000 Potential: 31.8960461335 Kinetic: 14472491.6580514945 Total: 14472523.5540976282
Step: 780 Time: 78.000 Potential: 35.4146646780 Kinetic: 14570867.0705219582 Total: 14570902.4851866364
Step: 790 Time: 79.000 Potential: 102.1861786586 Kinetic: 14796969.6692744847 Total: 14797071.8554531429
Step: 800 Time: 80.000 Potential: 69.0214059558 Kinetic: 14986509.5842255037 Total: 14986578.6056314595
Step: 810 Time: 81.000 Potential: 60.1025145532 Kinetic: 15068768.7772467081 Total: 15068828.8797612619
Step: 820 Time: 82.000 Potential: 37.8823933381 Kinetic: 15257847.0319090392 Total: 15257884.9143023770
Step: 830 Time: 83.000 Potential: 88.3837923760 Kinetic: 15429823.1438749917 Total: 15429911.5276673678
Step: 840 Time: 84.000 Potential: 42.6508246889 Kinetic: 15518252.0621518251 Total: 15518294.7129765134
Step: 850 Time: 85.000 Potential: 79.4334051667 Kinetic: 15600373.3382718451 Total: 15600452.7716770116
Step: 860 Time: 86.000 Potential: 89.0793492896 Kinetic: 15820491.9616991542 Total: 15820581.0410484429
Step: 870 Time: 87.000 Potential: 7.5301400593 Kinetic: 16227107.7608416341 Total: 16227115.2909816932
Step: 880 Time: 88.000 Potential: 59.6839880317 Kinetic: 16228897.6007276550 Total: 16228957.2847156860
Step: 890 Time: 89.000 Potential: 74.7007992323 Kinetic: 16361270.5287416987 Total: 16361345.2295409311
Step: 900 Time: 90.000 Potential: 79.9947779668 Kinetic: 16661788.4173245728 Total: 16661868.4121025391
Step: 910 Time: 91.000 Potential: 48.2200322977 Kinetic: 16816455.7636874989 Total: 16816503.9837197959
Step: 920 Time: 92.000 Potential: -1.9162883368 Kinetic: 17085974.3861018419 Total: 17085972.4698135033
Step: 930 Time: 93.000 Potential: 28.3004575505 Kinetic: 17321735.3749111556 Total: 17321763.6753687076
Step: 940 Time: 94.000 Potential: 47.7271345343 Kinetic: 17410788.5715374686 Total: 17410836.2986720018
Step: 950 Time: 95.000 Potential: 58.1439032225 Kinetic: 17542038.2570599131 Total: 17542096.4009631351
Step: 960 Time: 96.000 Potential: 37.4570071862 Kinetic: 17555738.9504468292 Total: 17555776.4074540138
Step: 970 Time: 97.000 Potential: 90.9051549567 Kinetic: 17649697.1954674944 Total: 17649788.1006224528
Step: 980 Time: 98.000 Potential: 70.3174597111 Kinetic: 17921308.3845209777 Total: 17921378.7019806877
Step: 990 Time: 99.000 Potential: 58.8165141556 Kinetic: 18116621.9135438465 Total: 18116680.7300580032
Average temperature: 278524450.39 K
Running simulation with timestep: 0.0100000000
Creating fcc lattice with 256 atoms
Initializing fcc lattice
Step: 0 Time: 0.000 Potential: -638.2697753161 Kinetic: 12.8834084742 Total: -625.3863668419
Step: 100 Time: 1.000 Potential: -648.3263501289 Kinetic: 22.9749803941 Total: -625.3513697349
Step: 200 Time: 2.000 Potential: -647.6667379481 Kinetic: 22.3572966150 Total: -625.3094413331
Step: 300 Time: 3.000 Potential: -647.7366712777 Kinetic: 22.3465357348 Total: -625.3901355428
Step: 400 Time: 4.000 Potential: -647.2575208096 Kinetic: 21.9576779037 Total: -625.2998429060
Step: 500 Time: 5.000 Potential: -648.7342434489 Kinetic: 23.3266405610 Total: -625.4076028879
Step: 600 Time: 6.000 Potential: -649.4343145282 Kinetic: 24.0182170003 Total: -625.4160975279
Step: 700 Time: 7.000 Potential: -648.1970739195 Kinetic: 22.8081787074 Total: -625.3888952121
Step: 800 Time: 8.000 Potential: -647.8246676734 Kinetic: 22.4538236612 Total: -625.3708440122
Step: 900 Time: 9.000 Potential: -649.2090657466 Kinetic: 23.7371865036 Total: -625.4718792430
Step: 1000 Time: 10.000 Potential: -647.4564950575 Kinetic: 22.0877240019 Total: -625.3687710557
Step: 1100 Time: 11.000 Potential: -646.2376618672 Kinetic: 20.8939975472 Total: -625.3436643200
Step: 1200 Time: 12.000 Potential: -646.8792851878 Kinetic: 21.6717930256 Total: -625.2074921622
Step: 1300 Time: 13.000 Potential: -648.2571267414 Kinetic: 22.8673716022 Total: -625.3897551391
Step: 1400 Time: 14.000 Potential: -647.0740534187 Kinetic: 21.8013573477 Total: -625.2726960710
Step: 1500 Time: 15.000 Potential: -648.9725339682 Kinetic: 23.6160369785 Total: -625.3564969897
Step: 1600 Time: 16.000 Potential: -646.7156557445 Kinetic: 21.3803770722 Total: -625.3352786724
Step: 1700 Time: 17.000 Potential: -648.0932995686 Kinetic: 22.7106600085 Total: -625.3826395601
Step: 1800 Time: 18.000 Potential: -647.9347853303 Kinetic: 22.5558699097 Total: -625.3789154205
Step: 1900 Time: 19.000 Potential: -647.7074692131 Kinetic: 22.3316990411 Total: -625.3757701721
Step: 2000 Time: 20.000 Potential: -647.2150225525 Kinetic: 21.8997115517 Total: -625.3153110008
Step: 2100 Time: 21.000 Potential: -647.0643475556 Kinetic: 21.7417557334 Total: -625.3225918222
Step: 2200 Time: 22.000 Potential: -647.7637332675 Kinetic: 22.3811853444 Total: -625.3825479230
Step: 2300 Time: 23.000 Potential: -648.5918112997 Kinetic: 23.2486760019 Total: -625.3431352977
Step: 2400 Time: 24.000 Potential: -648.7847040165 Kinetic: 23.4003327498 Total: -625.3843712667
Step: 2500 Time: 25.000 Potential: -647.1807701700 Kinetic: 21.8253114243 Total: -625.3554587457
Step: 2600 Time: 26.000 Potential: -647.7345763635 Kinetic: 22.4063404112 Total: -625.3282359523
Step: 2700 Time: 27.000 Potential: -649.0316749697 Kinetic: 23.6430423022 Total: -625.3886326675
Step: 2800 Time: 28.000 Potential: -648.6590790478 Kinetic: 23.2943313977 Total: -625.3647476501
Step: 2900 Time: 29.000 Potential: -647.9124279743 Kinetic: 22.5686116945 Total: -625.3438162798
Step: 3000 Time: 30.000 Potential: -648.2936400941 Kinetic: 22.8984587896 Total: -625.3951813044
Step: 3100 Time: 31.000 Potential: -648.7074267772 Kinetic: 23.3425924420 Total: -625.3648343352
Step: 3200 Time: 32.000 Potential: -646.3610474799 Kinetic: 21.0955554993 Total: -625.2654919806
Step: 3300 Time: 33.000 Potential: -647.6412109931 Kinetic: 22.3014879585 Total: -625.3397230346
Step: 3400 Time: 34.000 Potential: -648.3273243426 Kinetic: 22.9583263208 Total: -625.3689980218
Step: 3500 Time: 35.000 Potential: -647.1296624619 Kinetic: 21.7877701190 Total: -625.3418923428
Step: 3600 Time: 36.000 Potential: -649.4824476987 Kinetic: 24.0665255530 Total: -625.4159221458
Step: 3700 Time: 37.000 Potential: -649.3783492896 Kinetic: 23.8995063673 Total: -625.4788429223
Step: 3800 Time: 38.000 Potential: -647.8056655002 Kinetic: 22.4543592901 Total: -625.3513062101
Step: 3900 Time: 39.000 Potential: -646.1359546970 Kinetic: 20.9289599628 Total: -625.2069947342
Step: 4000 Time: 40.000 Potential: -648.2199607386 Kinetic: 22.8992721401 Total: -625.3206885985
Step: 4100 Time: 41.000 Potential: -649.1211965136 Kinetic: 23.6827225648 Total: -625.4384739487
Step: 4200 Time: 42.000 Potential: -647.6893148607 Kinetic: 22.3790805971 Total: -625.3102342636
Step: 4300 Time: 43.000 Potential: -647.8150938965 Kinetic: 22.4403583535 Total: -625.3747355430
Step: 4400 Time: 44.000 Potential: -648.0567919538 Kinetic: 22.6983092281 Total: -625.3584827257
Step: 4500 Time: 45.000 Potential: -649.0256941186 Kinetic: 23.6416172659 Total: -625.3840768527
Step: 4600 Time: 46.000 Potential: -648.5878324383 Kinetic: 23.1871269945 Total: -625.4007054438
Step: 4700 Time: 47.000 Potential: -646.5065625778 Kinetic: 21.2011858363 Total: -625.3053767415
Step: 4800 Time: 48.000 Potential: -646.8627713646 Kinetic: 21.5679996547 Total: -625.2947717099
Step: 4900 Time: 49.000 Potential: -646.7681623531 Kinetic: 21.4875156405 Total: -625.2806467126
Step: 5000 Time: 50.000 Potential: -648.6199214104 Kinetic: 23.2195811367 Total: -625.4003402737
Step: 5100 Time: 51.000 Potential: -646.1096431599 Kinetic: 20.8050112265 Total: -625.3046319334
Step: 5200 Time: 52.000 Potential: -648.3587958381 Kinetic: 22.9412267327 Total: -625.4175691054
Step: 5300 Time: 53.000 Potential: -648.2503446581 Kinetic: 22.9081622107 Total: -625.3421824474
Step: 5400 Time: 54.000 Potential: -648.3848147170 Kinetic: 22.9226623553 Total: -625.4621523617
Step: 5500 Time: 55.000 Potential: -646.9329125209 Kinetic: 21.5451845642 Total: -625.3877279567
Step: 5600 Time: 56.000 Potential: -647.7043538231 Kinetic: 22.3028005957 Total: -625.4015532274
Step: 5700 Time: 57.000 Potential: -647.8348718530 Kinetic: 22.4529339536 Total: -625.3819378994
Step: 5800 Time: 58.000 Potential: -648.5696883776 Kinetic: 23.1405510352 Total: -625.4291373424
Step: 5900 Time: 59.000 Potential: -646.3799419195 Kinetic: 21.1020440723 Total: -625.2778978472
Step: 6000 Time: 60.000 Potential: -647.6429619941 Kinetic: 22.3605611912 Total: -625.2824008030
Step: 6100 Time: 61.000 Potential: -647.6944355947 Kinetic: 22.3285894230 Total: -625.3658461717
Step: 6200 Time: 62.000 Potential: -646.3894908552 Kinetic: 21.0993842664 Total: -625.2901065888
Step: 6300 Time: 63.000 Potential: -647.6547507338 Kinetic: 22.3025718789 Total: -625.3521788549
Step: 6400 Time: 64.000 Potential: -648.5427188490 Kinetic: 23.2066167003 Total: -625.3361021486
Step: 6500 Time: 65.000 Potential: -647.6640739662 Kinetic: 22.3986775994 Total: -625.2653963667
Step: 6600 Time: 66.000 Potential: -647.2742294673 Kinetic: 21.9651364999 Total: -625.3090929673
Step: 6700 Time: 67.000 Potential: -648.4400685054 Kinetic: 23.1022173601 Total: -625.3378511453
Step: 6800 Time: 68.000 Potential: -647.9850532860 Kinetic: 22.6376948231 Total: -625.3473584629
Step: 6900 Time: 69.000 Potential: -647.1744910231 Kinetic: 21.9164622176 Total: -625.2580288055
Step: 7000 Time: 70.000 Potential: -648.4634527163 Kinetic: 23.1316771762 Total: -625.3317755400
Step: 7100 Time: 71.000 Potential: -647.4983425660 Kinetic: 22.1764243313 Total: -625.3219182348
Step: 7200 Time: 72.000 Potential: -648.1823548257 Kinetic: 22.8107011180 Total: -625.3716537077
Step: 7300 Time: 73.000 Potential: -648.0322253453 Kinetic: 22.7245621796 Total: -625.3076631657
Step: 7400 Time: 74.000 Potential: -647.3647643978 Kinetic: 22.0677517493 Total: -625.2970126485
Step: 7500 Time: 75.000 Potential: -647.1997421885 Kinetic: 21.9174623352 Total: -625.2822798533
Step: 7600 Time: 76.000 Potential: -648.1090589933 Kinetic: 22.7998273772 Total: -625.3092316161
Step: 7700 Time: 77.000 Potential: -647.3601412264 Kinetic: 22.0953426255 Total: -625.2647986009
Step: 7800 Time: 78.000 Potential: -647.3268877794 Kinetic: 22.0725029131 Total: -625.2543848663
Step: 7900 Time: 79.000 Potential: -646.6718837082 Kinetic: 21.3854960824 Total: -625.2863876257
Step: 8000 Time: 80.000 Potential: -647.5721594380 Kinetic: 22.2204707359 Total: -625.3516887021
Step: 8100 Time: 81.000 Potential: -646.4608568725 Kinetic: 21.2711252522 Total: -625.1897316203
Step: 8200 Time: 82.000 Potential: -648.6703798943 Kinetic: 23.3090037147 Total: -625.3613761796
Step: 8300 Time: 83.000 Potential: -646.9024546957 Kinetic: 21.6437551513 Total: -625.2586995444
Step: 8400 Time: 84.000 Potential: -647.9209655210 Kinetic: 22.6142209648 Total: -625.3067445562
Step: 8500 Time: 85.000 Potential: -647.5212180591 Kinetic: 22.2721891417 Total: -625.2490289174
Step: 8600 Time: 86.000 Potential: -648.4770077899 Kinetic: 23.0797213402 Total: -625.3972864497
Step: 8700 Time: 87.000 Potential: -647.0427768494 Kinetic: 21.7495715271 Total: -625.2932053223
Step: 8800 Time: 88.000 Potential: -647.5856630865 Kinetic: 22.2610316843 Total: -625.3246314022
Step: 8900 Time: 89.000 Potential: -647.2838541979 Kinetic: 21.9957586485 Total: -625.2880955494
Step: 9000 Time: 90.000 Potential: -648.2932196137 Kinetic: 22.9762979857 Total: -625.3169216280
Step: 9100 Time: 91.000 Potential: -647.9478438971 Kinetic: 22.6586948066 Total: -625.2891490905
Step: 9200 Time: 92.000 Potential: -646.7182057772 Kinetic: 21.4382715842 Total: -625.2799341930
Step: 9300 Time: 93.000 Potential: -647.7268489809 Kinetic: 22.3428356991 Total: -625.3840132818
Step: 9400 Time: 94.000 Potential: -648.7282043071 Kinetic: 23.2713538971 Total: -625.4568504100
Step: 9500 Time: 95.000 Potential: -647.3572558737 Kinetic: 22.0167467759 Total: -625.3405090978
Step: 9600 Time: 96.000 Potential: -649.3561789040 Kinetic: 23.9339043940 Total: -625.4222745100
Step: 9700 Time: 97.000 Potential: -646.3508441857 Kinetic: 21.1238506750 Total: -625.2269935107
Step: 9800 Time: 98.000 Potential: -647.4624528115 Kinetic: 22.1437931684 Total: -625.3186596431
Step: 9900 Time: 99.000 Potential: -646.9892599476 Kinetic: 21.7616906444 Total: -625.2275693033
Average temperature: 677.43 K
Running simulation with timestep: 0.0010000000
Creating fcc lattice with 256 atoms
Initializing fcc lattice
Step: 0 Time: 0.000 Potential: -623.5945245618 Kinetic: 0.1739164084 Total: -623.4206081534
Step: 1000 Time: 1.000 Potential: -647.5272531840 Kinetic: 24.0882635458 Total: -623.4389896383
Step: 2000 Time: 2.000 Potential: -648.3355261565 Kinetic: 24.8961796817 Total: -623.4393464747
Step: 3000 Time: 3.000 Potential: -647.2931589620 Kinetic: 23.8542772633 Total: -623.4388816986
Step: 4000 Time: 4.000 Potential: -645.7041188809 Kinetic: 22.2659959441 Total: -623.4381229368
Step: 5000 Time: 5.000 Potential: -647.5216041031 Kinetic: 24.0828828954 Total: -623.4387212077
Step: 6000 Time: 6.000 Potential: -647.6385170454 Kinetic: 24.2000676277 Total: -623.4384494178
Step: 7000 Time: 7.000 Potential: -648.7918709784 Kinetic: 25.3523797603 Total: -623.4394912181
Step: 8000 Time: 8.000 Potential: -646.7481190229 Kinetic: 23.3103427322 Total: -623.4377762907
Step: 9000 Time: 9.000 Potential: -647.7834532556 Kinetic: 24.3447051464 Total: -623.4387481092
Step: 10000 Time: 10.000 Potential: -648.0214198307 Kinetic: 24.5828339373 Total: -623.4385858934
Step: 11000 Time: 11.000 Potential: -645.5801239246 Kinetic: 22.1415645898 Total: -623.4385593349
Step: 12000 Time: 12.000 Potential: -647.6188593429 Kinetic: 24.1802882324 Total: -623.4385711105
Step: 13000 Time: 13.000 Potential: -646.7704333795 Kinetic: 23.3318642592 Total: -623.4385691203
Step: 14000 Time: 14.000 Potential: -647.2449400152 Kinetic: 23.8065350436 Total: -623.4384049716
Step: 15000 Time: 15.000 Potential: -646.6219338792 Kinetic: 23.1831065477 Total: -623.4388273315
Step: 16000 Time: 16.000 Potential: -646.2935524170 Kinetic: 22.8557914468 Total: -623.4377609702
Step: 17000 Time: 17.000 Potential: -647.0430406289 Kinetic: 23.6047236555 Total: -623.4383169734
Step: 18000 Time: 18.000 Potential: -648.5620109768 Kinetic: 25.1220190456 Total: -623.4399919312
Step: 19000 Time: 19.000 Potential: -646.9381328939 Kinetic: 23.4997077163 Total: -623.4384251775
Step: 20000 Time: 20.000 Potential: -647.6968518178 Kinetic: 24.2573937547 Total: -623.4394580631
Step: 21000 Time: 21.000 Potential: -647.3379020950 Kinetic: 23.8990153345 Total: -623.4388867605
Step: 22000 Time: 22.000 Potential: -646.7866165442 Kinetic: 23.3482304159 Total: -623.4383861283
Step: 23000 Time: 23.000 Potential: -647.4973293780 Kinetic: 24.0586713871 Total: -623.4386579909
Step: 24000 Time: 24.000 Potential: -647.0737120290 Kinetic: 23.6358599906 Total: -623.4378520384
Step: 25000 Time: 25.000 Potential: -648.8352940057 Kinetic: 25.3960131031 Total: -623.4392809026
Step: 26000 Time: 26.000 Potential: -647.1368540704 Kinetic: 23.6988502785 Total: -623.4380037919
Step: 27000 Time: 27.000 Potential: -645.0586922834 Kinetic: 21.6206636533 Total: -623.4380286300
Step: 28000 Time: 28.000 Potential: -647.3431360359 Kinetic: 23.9048008611 Total: -623.4383351748
Step: 29000 Time: 29.000 Potential: -647.1330727754 Kinetic: 23.6946477430 Total: -623.4384250323
Step: 30000 Time: 30.000 Potential: -646.7792743653 Kinetic: 23.3412022313 Total: -623.4380721340
Step: 31000 Time: 31.000 Potential: -648.0813328724 Kinetic: 24.6427441285 Total: -623.4385887438
Step: 32000 Time: 32.000 Potential: -647.6141961543 Kinetic: 24.1750839757 Total: -623.4391121786
Step: 33000 Time: 33.000 Potential: -648.5306248152 Kinetic: 25.0919454108 Total: -623.4386794045
Step: 34000 Time: 34.000 Potential: -647.2650949368 Kinetic: 23.8260798293 Total: -623.4390151075
Step: 35000 Time: 35.000 Potential: -648.3409108771 Kinetic: 24.9012395231 Total: -623.4396713540
Step: 36000 Time: 36.000 Potential: -645.9458388774 Kinetic: 22.5073810537 Total: -623.4384578237
Step: 37000 Time: 37.000 Potential: -648.0838174251 Kinetic: 24.6445976545 Total: -623.4392197706
Step: 38000 Time: 38.000 Potential: -645.7069600447 Kinetic: 22.2693842863 Total: -623.4375757584
Step: 39000 Time: 39.000 Potential: -645.8166517980 Kinetic: 22.3792409974 Total: -623.4374108006
Step: 40000 Time: 40.000 Potential: -647.9530677552 Kinetic: 24.5140197403 Total: -623.4390480149
Step: 41000 Time: 41.000 Potential: -646.1959301101 Kinetic: 22.7581276422 Total: -623.4378024679
Step: 42000 Time: 42.000 Potential: -646.4241241956 Kinetic: 22.9860493894 Total: -623.4380748063
Step: 43000 Time: 43.000 Potential: -648.2652389090 Kinetic: 24.8259080256 Total: -623.4393308833
Step: 44000 Time: 44.000 Potential: -646.0025835901 Kinetic: 22.5646589529 Total: -623.4379246372
Step: 45000 Time: 45.000 Potential: -648.0293056144 Kinetic: 24.5910400032 Total: -623.4382656113
Step: 46000 Time: 46.000 Potential: -647.8983729783 Kinetic: 24.4595461998 Total: -623.4388267785
Step: 47000 Time: 47.000 Potential: -648.3466334091 Kinetic: 24.9076412095 Total: -623.4389921996
Step: 48000 Time: 48.000 Potential: -647.9080596113 Kinetic: 24.4690096229 Total: -623.4390499883
Step: 49000 Time: 49.000 Potential: -645.6560565362 Kinetic: 22.2185641041 Total: -623.4374924321
Step: 50000 Time: 50.000 Potential: -647.3582985114 Kinetic: 23.9200771987 Total: -623.4382213127
Step: 51000 Time: 51.000 Potential: -646.5235251166 Kinetic: 23.0858801278 Total: -623.4376449888
Step: 52000 Time: 52.000 Potential: -647.7531051202 Kinetic: 24.3148057121 Total: -623.4382994081
Step: 53000 Time: 53.000 Potential: -647.3976568634 Kinetic: 23.9596210875 Total: -623.4380357759
Step: 54000 Time: 54.000 Potential: -647.0705516106 Kinetic: 23.6324411021 Total: -623.4381105085
Step: 55000 Time: 55.000 Potential: -646.2231186975 Kinetic: 22.7850458511 Total: -623.4380728464
Step: 56000 Time: 56.000 Potential: -648.8051321071 Kinetic: 25.3661797932 Total: -623.4389523138
Step: 57000 Time: 57.000 Potential: -647.2033654043 Kinetic: 23.7646246816 Total: -623.4387407228
Step: 58000 Time: 58.000 Potential: -645.7383022584 Kinetic: 22.3005932945 Total: -623.4377089639
Step: 59000 Time: 59.000 Potential: -647.5617885680 Kinetic: 24.1233982770 Total: -623.4383902910
Step: 60000 Time: 60.000 Potential: -647.2574457471 Kinetic: 23.8186389368 Total: -623.4388068103
Step: 61000 Time: 61.000 Potential: -645.7856385409 Kinetic: 22.3475617441 Total: -623.4380767968
Step: 62000 Time: 62.000 Potential: -646.0283760391 Kinetic: 22.5898435298 Total: -623.4385325092
Step: 63000 Time: 63.000 Potential: -645.7637820085 Kinetic: 22.3257903016 Total: -623.4379917069
Step: 64000 Time: 64.000 Potential: -649.3944838497 Kinetic: 25.9551058290 Total: -623.4393780206
Step: 65000 Time: 65.000 Potential: -649.7940008168 Kinetic: 26.3535659862 Total: -623.4404348306
Step: 66000 Time: 66.000 Potential: -648.5892832145 Kinetic: 25.1499884974 Total: -623.4392947172
Step: 67000 Time: 67.000 Potential: -648.3744658300 Kinetic: 24.9355161822 Total: -623.4389496478
Step: 68000 Time: 68.000 Potential: -645.1513317236 Kinetic: 21.7133586399 Total: -623.4379730836
Step: 69000 Time: 69.000 Potential: -646.5654238308 Kinetic: 23.1270861476 Total: -623.4383376832
Step: 70000 Time: 70.000 Potential: -646.8233242892 Kinetic: 23.3849618538 Total: -623.4383624354
Step: 71000 Time: 71.000 Potential: -647.6997139062 Kinetic: 24.2607203960 Total: -623.4389935101
Step: 72000 Time: 72.000 Potential: -647.9382168493 Kinetic: 24.4999964218 Total: -623.4382204274
Step: 73000 Time: 73.000 Potential: -646.2608189246 Kinetic: 22.8227534971 Total: -623.4380654275
Step: 74000 Time: 74.000 Potential: -647.7190013120 Kinetic: 24.2801242495 Total: -623.4388770625
Step: 75000 Time: 75.000 Potential: -648.6305255355 Kinetic: 25.1914690847 Total: -623.4390564508
Step: 76000 Time: 76.000 Potential: -647.9996125259 Kinetic: 24.5613168488 Total: -623.4382956771
Step: 77000 Time: 77.000 Potential: -646.6076115264 Kinetic: 23.1698027597 Total: -623.4378087667
Step: 78000 Time: 78.000 Potential: -648.8628094046 Kinetic: 25.4229423306 Total: -623.4398670740
Step: 79000 Time: 79.000 Potential: -647.0775884489 Kinetic: 23.6388945886 Total: -623.4386938603
Step: 80000 Time: 80.000 Potential: -647.1079854210 Kinetic: 23.6697156384 Total: -623.4382697826
Step: 81000 Time: 81.000 Potential: -646.9771999205 Kinetic: 23.5389106811 Total: -623.4382892394
Step: 82000 Time: 82.000 Potential: -646.7348542265 Kinetic: 23.2970764722 Total: -623.4377777544
Step: 83000 Time: 83.000 Potential: -646.4399973025 Kinetic: 23.0014218502 Total: -623.4385754524
Step: 84000 Time: 84.000 Potential: -647.3230654052 Kinetic: 23.8842902664 Total: -623.4387751387
Step: 85000 Time: 85.000 Potential: -646.9854018048 Kinetic: 23.5471203198 Total: -623.4382814850
Step: 86000 Time: 86.000 Potential: -647.4640784526 Kinetic: 24.0252615905 Total: -623.4388168621
Step: 87000 Time: 87.000 Potential: -647.2030484311 Kinetic: 23.7649724502 Total: -623.4380759809
Step: 88000 Time: 88.000 Potential: -646.3861825385 Kinetic: 22.9482183306 Total: -623.4379642079
Step: 89000 Time: 89.000 Potential: -647.1801043679 Kinetic: 23.7418580941 Total: -623.4382462738
Step: 90000 Time: 90.000 Potential: -647.0417270678 Kinetic: 23.6036872381 Total: -623.4380398297
Step: 91000 Time: 91.000 Potential: -647.4690612581 Kinetic: 24.0309649104 Total: -623.4380963478
Step: 92000 Time: 92.000 Potential: -647.7488400189 Kinetic: 24.3104678372 Total: -623.4383721817
Step: 93000 Time: 93.000 Potential: -647.1759816330 Kinetic: 23.7377118101 Total: -623.4382698229
Step: 94000 Time: 94.000 Potential: -647.2283215472 Kinetic: 23.7900499656 Total: -623.4382715817
Step: 95000 Time: 95.000 Potential: -647.1724551699 Kinetic: 23.7344152944 Total: -623.4380398755
Step: 96000 Time: 96.000 Potential: -648.0122328370 Kinetic: 24.5736787210 Total: -623.4385541159
Step: 97000 Time: 97.000 Potential: -647.3092190746 Kinetic: 23.8708141972 Total: -623.4384048774
Step: 98000 Time: 98.000 Potential: -646.7820176809 Kinetic: 23.3441431641 Total: -623.4378745167
Step: 99000 Time: 99.000 Potential: -645.8820506676 Kinetic: 22.4449176491 Total: -623.4371330185
Average temperature: 722.60 K
